
> krav-maga-academy-backend@1.0.2 build
> node --max-old-space-size=3072 ./node_modules/typescript/bin/tsc --project tsconfig.build.json --skipLibCheck true && tsc-alias && node scripts/copy-public.js

src/controllers/graduationController.ts(2,35): error TS2307: Cannot find module '@/services/graduationService' or its corresponding type declarations.
src/controllers/horariosSugeridosController.ts(28,52): error TS2345: Argument of type '{ level?: string; organizationId?: string; studentId?: string; notes?: string; startTime?: string; endTime?: string; dayOfWeek?: number; courseType?: string; preferredUnit?: string; }' is not assignable to parameter of type '{ studentId: string; organizationId: string; dayOfWeek: number; startTime: string; endTime: string; courseType?: string; level?: string; preferredUnit?: string; notes?: string; }'.
  Property 'studentId' is optional in type '{ level?: string; organizationId?: string; studentId?: string; notes?: string; startTime?: string; endTime?: string; dayOfWeek?: number; courseType?: string; preferredUnit?: string; }' but required in type '{ studentId: string; organizationId: string; dayOfWeek: number; startTime: string; endTime: string; courseType?: string; level?: string; preferredUnit?: string; notes?: string; }'.
src/routes/agentOrchestrator.ts(135,59): error TS2345: Argument of type 'any' is not assignable to parameter of type 'never'.
src/routes/agentOrchestrator.ts(211,56): error TS2345: Argument of type 'any' is not assignable to parameter of type 'never'.
src/routes/agentOrchestrator.ts(249,56): error TS2345: Argument of type 'any' is not assignable to parameter of type 'never'.
src/routes/agentOrchestrator.ts(287,57): error TS2345: Argument of type 'any' is not assignable to parameter of type 'never'.
src/routes/agentOrchestrator.ts(325,59): error TS2345: Argument of type 'any' is not assignable to parameter of type 'never'.
src/routes/agentOrchestrator.ts(429,59): error TS2345: Argument of type 'any' is not assignable to parameter of type 'never'.
src/routes/agentOrchestrator.ts(501,62): error TS2345: Argument of type 'any' is not assignable to parameter of type 'never'.
src/routes/agentOrchestrator.ts(529,17): error TS2353: Object literal may only specify known properties, and 'status' does not exist in type 'ApprovePermissionData'.
src/routes/agentOrchestrator.ts(545,83): error TS2345: Argument of type '{ permissionId: string; action: string; }' is not assignable to parameter of type 'never'.
src/routes/agentOrchestrator.ts(564,61): error TS2345: Argument of type 'any' is not assignable to parameter of type 'never'.
src/routes/agentOrchestrator.ts(596,74): error TS2345: Argument of type 'any' is not assignable to parameter of type 'never'.
src/routes/agentOrchestrator.ts(628,75): error TS2345: Argument of type 'any' is not assignable to parameter of type 'never'.
src/routes/agentOrchestrator.ts(670,67): error TS2345: Argument of type 'any' is not assignable to parameter of type 'never'.
src/routes/agentTasks.ts(19,30): error TS2554: Expected 2 arguments, but got 1.
src/routes/agentTasks.ts(89,38): error TS2554: Expected 2 arguments, but got 1.
src/routes/agentTasks.ts(103,38): error TS2554: Expected 3 arguments, but got 2.
src/routes/agentTasks.ts(115,38): error TS2554: Expected 4 arguments, but got 3.
src/routes/ai.ts(258,15): error TS2353: Object literal may only specify known properties, and 'type' does not exist in type '(Without<TechniqueCreateInput, TechniqueUncheckedCreateInput> & TechniqueUncheckedCreateInput) | (Without<...> & TechniqueCreateInput)'.
src/routes/asaas-import.ts(108,20): error TS2345: Argument of type '500' is not assignable to parameter of type '200'.
src/routes/curriculum-agent.ts(245,45): error TS2307: Cannot find module '@/services/curriculumMCPTools' or its corresponding type declarations.
src/routes/curriculum-agent.ts(284,47): error TS2307: Cannot find module '@/services/curriculumMCPTools' or its corresponding type declarations.
src/routes/discounts.ts(40,9): error TS2322: Type '{ organizationId: any; startDate: Date; endDate: Date; name?: string; description?: string; isActive?: boolean; value?: number; type?: "PERCENTAGE" | "FIXED_AMOUNT"; triggerType?: "MANUAL" | "PAYMENT_METHOD" | "COUPON" | "CAMPAIGN"; triggerValue?: string; }' is not assignable to type '(Without<DiscountCreateInput, DiscountUncheckedCreateInput> & DiscountUncheckedCreateInput) | (Without<...> & DiscountCreateInput)'.
  Type '{ organizationId: any; startDate: Date; endDate: Date; name?: string; description?: string; isActive?: boolean; value?: number; type?: "PERCENTAGE" | "FIXED_AMOUNT"; triggerType?: "MANUAL" | "PAYMENT_METHOD" | "COUPON" | "CAMPAIGN"; triggerValue?: string; }' is not assignable to type 'Without<DiscountUncheckedCreateInput, DiscountCreateInput> & DiscountCreateInput'.
    Type '{ organizationId: any; startDate: Date; endDate: Date; name?: string; description?: string; isActive?: boolean; value?: number; type?: "PERCENTAGE" | "FIXED_AMOUNT"; triggerType?: "MANUAL" | "PAYMENT_METHOD" | "COUPON" | "CAMPAIGN"; triggerValue?: string; }' is not assignable to type 'Without<DiscountUncheckedCreateInput, DiscountCreateInput>'.
      Types of property 'organizationId' are incompatible.
        Type 'any' is not assignable to type 'never'.
src/routes/financial.ts(243,25): error TS2345: Argument of type '500' is not assignable to parameter of type '200'.
src/routes/financial.ts(711,25): error TS2345: Argument of type '500' is not assignable to parameter of type '200'.
src/routes/instructors.ts(157,9): error TS2322: Type '{ id: string; phone: string; email: string; isActive: boolean; createdAt: Date; updatedAt: Date; organizationId: string; password: string; role: UserRole; firstName: string; ... 11 more ...; canApproveCategories: string[]; }' is not assignable to type '{ instructor: { id: string; isActive: boolean; createdAt: Date; updatedAt: Date; martialArts: string[]; organizationId: string; userId: string; specializations: string[]; certifications: string[]; ... 6 more ...; hireDate: Date; }; } & { ...; }'.
  Property 'instructor' is missing in type '{ id: string; phone: string; email: string; isActive: boolean; createdAt: Date; updatedAt: Date; organizationId: string; password: string; role: UserRole; firstName: string; ... 11 more ...; canApproveCategories: string[]; }' but required in type '{ instructor: { id: string; isActive: boolean; createdAt: Date; updatedAt: Date; martialArts: string[]; organizationId: string; userId: string; specializations: string[]; certifications: string[]; ... 6 more ...; hireDate: Date; }; }'.
src/routes/jobs.ts(213,9): error TS2322: Type '{ organizationId: string; createdById: string; publishedAt: Date; level?: "MANAGER" | "SENIOR" | "ENTRY" | "JUNIOR" | "MID" | "LEAD"; location?: string; description?: string; type?: "FULL_TIME" | ... 4 more ... | "VOLUNTEER"; ... 9 more ...; vacancies?: number; }' is not assignable to type '(Without<JobCreateInput, JobUncheckedCreateInput> & JobUncheckedCreateInput) | (Without<JobUncheckedCreateInput, JobCreateInput> & JobCreateInput)'.
  Type '{ organizationId: string; createdById: string; publishedAt: Date; level?: "MANAGER" | "SENIOR" | "ENTRY" | "JUNIOR" | "MID" | "LEAD"; location?: string; description?: string; type?: "FULL_TIME" | ... 4 more ... | "VOLUNTEER"; ... 9 more ...; vacancies?: number; }' is not assignable to type 'Without<JobUncheckedCreateInput, JobCreateInput> & JobCreateInput'.
    Type '{ organizationId: string; createdById: string; publishedAt: Date; level?: "MANAGER" | "SENIOR" | "ENTRY" | "JUNIOR" | "MID" | "LEAD"; location?: string; description?: string; type?: "FULL_TIME" | ... 4 more ... | "VOLUNTEER"; ... 9 more ...; vacancies?: number; }' is not assignable to type 'Without<JobUncheckedCreateInput, JobCreateInput>'.
      Types of property 'organizationId' are incompatible.
        Type 'string' is not assignable to type 'never'.
src/routes/packages-simple.ts(208,9): error TS2322: Type 'Record<string, any>' is not assignable to type '(Without<BillingPlanCreateInput, BillingPlanUncheckedCreateInput> & BillingPlanUncheckedCreateInput) | (Without<...> & BillingPlanCreateInput)'.
  Type 'Record<string, any>' is not assignable to type 'Without<BillingPlanUncheckedCreateInput, BillingPlanCreateInput> & BillingPlanCreateInput'.
    Type 'Record<string, any>' is missing the following properties from type 'BillingPlanCreateInput': name, price, organization
src/routes/packages.ts(608,20): error TS2345: Argument of type 'number' is not assignable to parameter of type 'string'.
src/routes/packages.ts(613,20): error TS2345: Argument of type 'number' is not assignable to parameter of type 'string'.
src/routes/packages.ts(618,20): error TS2345: Argument of type 'number' is not assignable to parameter of type 'string'.
src/routes/packages.ts(622,20): error TS2345: Argument of type 'number' is not assignable to parameter of type 'string'.
src/routes/pedagogical.ts(139,13): error TS2322: Type '"ADULT" | "MASTER_1" | "MASTER_2" | "MASTER_3" | "HERO_1" | "HERO_2" | "HERO_3"' is not assignable to type 'StudentCategory'.
  Type '"HERO_1"' is not assignable to type 'StudentCategory'. Did you mean '"HEROI1"'?
src/routes/pedagogical.ts(332,65): error TS2339: Property 'id' does not exist on type 'string | object | Buffer<ArrayBufferLike>'.
  Property 'id' does not exist on type 'string'.
src/routes/pedagogical.ts(353,65): error TS2339: Property 'id' does not exist on type 'string | object | Buffer<ArrayBufferLike>'.
  Property 'id' does not exist on type 'string'.
src/routes/pedagogical.ts(457,13): error TS2322: Type '{ enrollmentId: string; challengeId: string; attempted: true; completed: boolean; actualMetric: number; actualTime: number; videoUrl: string; imageUrl: string; completedAt: Date; xpEarned: number; }' is not assignable to type '(Without<ChallengeProgressCreateInput, ChallengeProgressUncheckedCreateInput> & ChallengeProgressUncheckedCreateInput) | (Without<...> & ChallengeProgressCreateInput)'.
  Type '{ enrollmentId: string; challengeId: string; attempted: true; completed: boolean; actualMetric: number; actualTime: number; videoUrl: string; imageUrl: string; completedAt: Date; xpEarned: number; }' is not assignable to type 'Without<ChallengeProgressUncheckedCreateInput, ChallengeProgressCreateInput> & ChallengeProgressCreateInput'.
    Type '{ enrollmentId: string; challengeId: string; attempted: true; completed: boolean; actualMetric: number; actualTime: number; videoUrl: string; imageUrl: string; completedAt: Date; xpEarned: number; }' is not assignable to type 'Without<ChallengeProgressUncheckedCreateInput, ChallengeProgressCreateInput>'.
      Types of property 'enrollmentId' are incompatible.
        Type 'string' is not assignable to type 'never'.
src/routes/pedagogical.ts(523,13): error TS2561: Object literal may only specify known properties, but 'techniqueseTested' does not exist in type '(Without<EvaluationCreateInput, EvaluationUncheckedCreateInput> & EvaluationUncheckedCreateInput) | (Without<...> & EvaluationCreateInput)'. Did you mean to write 'techniquesTested'?
src/routes/pedagogical.ts(530,40): error TS2339: Property 'id' does not exist on type 'string | object | Buffer<ArrayBufferLike>'.
  Property 'id' does not exist on type 'string'.
src/routes/pedagogical.ts(570,11): error TS2322: Type '{ organizationId: string; totalClasses: number; name?: string; level?: "EXPERT" | "BEGINNER" | "INTERMEDIATE" | "ADVANCED" | "MASTER"; description?: string; category?: "ADULT" | "MASTER_1" | ... 4 more ... | "HERO_3"; ... 8 more ...; imageUrl?: string; }' is not assignable to type '(Without<CourseCreateInput, CourseUncheckedCreateInput> & CourseUncheckedCreateInput) | (Without<...> & CourseCreateInput)'.
  Type '{ organizationId: string; totalClasses: number; name?: string; level?: "EXPERT" | "BEGINNER" | "INTERMEDIATE" | "ADVANCED" | "MASTER"; description?: string; category?: "ADULT" | "MASTER_1" | ... 4 more ... | "HERO_3"; ... 8 more ...; imageUrl?: string; }' is not assignable to type 'Without<CourseUncheckedCreateInput, CourseCreateInput> & CourseCreateInput'.
    Type '{ organizationId: string; totalClasses: number; name?: string; level?: "EXPERT" | "BEGINNER" | "INTERMEDIATE" | "ADVANCED" | "MASTER"; description?: string; category?: "ADULT" | "MASTER_1" | ... 4 more ... | "HERO_3"; ... 8 more ...; imageUrl?: string; }' is not assignable to type 'Without<CourseUncheckedCreateInput, CourseCreateInput>'.
      Types of property 'organizationId' are incompatible.
        Type 'string' is not assignable to type 'never'.
src/routes/pedagogical.ts(618,11): error TS2322: Type '{ courseId: string; description?: string; type?: "ATTENDANCE" | "TECHNIQUE" | "SOCIAL" | "STREAK" | "FITNESS" | "CUSTOM"; weekNumber?: number; baseActivity?: string; baseMetric?: number; baseTime?: number; xpReward?: number; }' is not assignable to type '(Without<CourseChallengeCreateInput, CourseChallengeUncheckedCreateInput> & CourseChallengeUncheckedCreateInput) | (Without<...> & CourseChallengeCreateInput)'.
  Type '{ courseId: string; description?: string; type?: "ATTENDANCE" | "TECHNIQUE" | "SOCIAL" | "STREAK" | "FITNESS" | "CUSTOM"; weekNumber?: number; baseActivity?: string; baseMetric?: number; baseTime?: number; xpReward?: number; }' is not assignable to type 'Without<CourseChallengeUncheckedCreateInput, CourseChallengeCreateInput> & CourseChallengeCreateInput'.
    Type '{ courseId: string; description?: string; type?: "ATTENDANCE" | "TECHNIQUE" | "SOCIAL" | "STREAK" | "FITNESS" | "CUSTOM"; weekNumber?: number; baseActivity?: string; baseMetric?: number; baseTime?: number; xpReward?: number; }' is not assignable to type 'Without<CourseChallengeUncheckedCreateInput, CourseChallengeCreateInput>'.
      Types of property 'courseId' are incompatible.
        Type 'string' is not assignable to type 'never'.
src/routes/pedagogical.ts(676,93): error TS2345: Argument of type '{ category?: string; rarity?: string; isHidden?: boolean; martialArtId?: string; page?: number; limit?: number; }' is not assignable to parameter of type '{ category?: AchievementCategory; rarity?: AchievementRarity; isHidden?: boolean; martialArtId?: string; page?: number; limit?: number; }'.
  Types of property 'category' are incompatible.
    Type 'string' is not assignable to type 'AchievementCategory'.
src/routes/pedagogical.ts(709,89): error TS2345: Argument of type '{ includeProgress?: boolean; category?: string; unlocked?: boolean; }' is not assignable to parameter of type '{ includeProgress?: boolean; category?: AchievementCategory; unlocked?: boolean; }'.
  Types of property 'category' are incompatible.
    Type 'string' is not assignable to type 'AchievementCategory'.
src/routes/pedagogical.ts(904,44): error TS2339: Property 'id' does not exist on type 'string | object | Buffer<ArrayBufferLike>'.
  Property 'id' does not exist on type 'string'.
src/routes/progression.ts(2,35): error TS2307: Cannot find module '@/services/graduationService' or its corresponding type declarations.
src/routes/students.ts(1585,97): error TS2339: Property 'price' does not exist on type '{ plan: { name: string; id: string; description: string; isActive: boolean; createdAt: Date; updatedAt: Date; organizationId: string; category: StudentCategory; ... 38 more ...; transferFeePercent: Decimal; }; } & { ...; }'.
src/routes/subscriptions.ts(272,11): error TS2322: Type 'string' is not assignable to type 'SubscriptionStatus | EnumSubscriptionStatusFieldUpdateOperationsInput'.
src/routes/subscriptions.ts(402,13): error TS2322: Type '"PENDING"' is not assignable to type 'SubscriptionStatus'.
src/routes/subscriptions.ts(490,11): error TS2322: Type '"PENDING"' is not assignable to type 'SubscriptionStatus'.
src/routes/trainingAreas.ts(105,59): error TS2345: Argument of type 'any' is not assignable to parameter of type 'never'.
src/routes/trainingAreas.ts(167,58): error TS2345: Argument of type 'any' is not assignable to parameter of type 'never'.
src/routes/trainingAreas.ts(208,9): error TS2322: Type '{ name?: string; description?: string; isActive?: boolean; equipment?: string[]; unitId?: string; capacity?: number; areaType?: "OTHER" | "DOJO" | "OUTDOOR" | "WEIGHT_ROOM" | "CARDIO" | "CROSSTRAINING" | "FUNCTIONAL"; dimensions?: string; flooring?: "OTHER" | ... 5 more ... | "GRASS"; }' is not assignable to type '(Without<TrainingAreaCreateInput, TrainingAreaUncheckedCreateInput> & TrainingAreaUncheckedCreateInput) | (Without<...> & TrainingAreaCreateInput)'.
  Type '{ name?: string; description?: string; isActive?: boolean; equipment?: string[]; unitId?: string; capacity?: number; areaType?: "OTHER" | "DOJO" | "OUTDOOR" | "WEIGHT_ROOM" | "CARDIO" | "CROSSTRAINING" | "FUNCTIONAL"; dimensions?: string; flooring?: "OTHER" | ... 5 more ... | "GRASS"; }' is not assignable to type 'Without<TrainingAreaUncheckedCreateInput, TrainingAreaCreateInput> & TrainingAreaCreateInput'.
    Type '{ name?: string; description?: string; isActive?: boolean; equipment?: string[]; unitId?: string; capacity?: number; areaType?: "OTHER" | "DOJO" | "OUTDOOR" | "WEIGHT_ROOM" | "CARDIO" | "CROSSTRAINING" | "FUNCTIONAL"; dimensions?: string; flooring?: "OTHER" | ... 5 more ... | "GRASS"; }' is not assignable to type 'Without<TrainingAreaUncheckedCreateInput, TrainingAreaCreateInput>'.
      Types of property 'unitId' are incompatible.
        Type 'string' is not assignable to type 'never'.
src/routes/trainingAreas.ts(230,58): error TS2345: Argument of type 'any' is not assignable to parameter of type 'never'.
src/routes/trainingAreas.ts(301,58): error TS2345: Argument of type 'any' is not assignable to parameter of type 'never'.
src/routes/trainingAreas.ts(351,58): error TS2345: Argument of type 'any' is not assignable to parameter of type 'never'.
src/server-simple.ts(696,17): error TS2353: Object literal may only specify known properties, and 'studentSubscriptions' does not exist in type 'BillingPlanCountOutputTypeSelect<DefaultArgs>'.
src/server-simple.ts(711,26): error TS2339: Property '_count' does not exist on type '{ name: string; id: string; description: string; isActive: boolean; createdAt: Date; updatedAt: Date; organizationId: string; category: StudentCategory; duration: number; ... 37 more ...; transferFeePercent: Decimal; }'.
src/server-simple.ts(716,52): error TS2339: Property '_count' does not exist on type '{ name: string; id: string; description: string; isActive: boolean; createdAt: Date; updatedAt: Date; organizationId: string; category: StudentCategory; duration: number; ... 37 more ...; transferFeePercent: Decimal; }'.
src/server-simple.ts(784,11): error TS2322: Type '{ studentId: any; planId: any; currentPrice: any; billingType: $Enums.BillingType; startDate: Date; nextBillingDate: Date; status: "ACTIVE"; isActive: true; }' is not assignable to type '(Without<StudentSubscriptionCreateInput, StudentSubscriptionUncheckedCreateInput> & StudentSubscriptionUncheckedCreateInput) | (Without<...> & StudentSubscriptionCreateInput)'.
  Type '{ studentId: any; planId: any; currentPrice: any; billingType: $Enums.BillingType; startDate: Date; nextBillingDate: Date; status: "ACTIVE"; isActive: true; }' is not assignable to type 'Without<StudentSubscriptionUncheckedCreateInput, StudentSubscriptionCreateInput> & StudentSubscriptionCreateInput'.
    Type '{ studentId: any; planId: any; currentPrice: any; billingType: $Enums.BillingType; startDate: Date; nextBillingDate: Date; status: "ACTIVE"; isActive: true; }' is not assignable to type 'Without<StudentSubscriptionUncheckedCreateInput, StudentSubscriptionCreateInput>'.
      Types of property 'studentId' are incompatible.
        Type 'any' is not assignable to type 'never'.
src/server-simple.ts(838,13): error TS2561: Object literal may only specify known properties, but 'organizationId_email' does not exist in type 'UserWhereUniqueInput'. Did you mean to write 'organizationId'?
src/server-simple.ts(967,61): error TS2307: Cannot find module '../services/financialService.js' or its corresponding type declarations.
src/server-simple.ts(991,55): error TS2353: Object literal may only specify known properties, and 'isActive' does not exist in type 'ClassWhereInput'.
src/services/activityExecService.ts(168,44): error TS2353: Object literal may only specify known properties, and 'duration' does not exist in type 'ActivitySelect<DefaultArgs>'.
src/services/activityExecService.ts(198,19): error TS2551: Property 'lessonPlan' does not exist on type '{ id: string; isActive: boolean; createdAt: Date; updatedAt: Date; status: TurmaStatus; notes: string; turmaId: string; lessonPlanId: string; lessonNumber: number; title: string; ... 5 more ...; techniques: JsonValue; }'. Did you mean 'lessonPlanId'?
src/services/activityExecService.ts(203,31): error TS2339: Property 'attendances' does not exist on type '{ id: string; isActive: boolean; createdAt: Date; updatedAt: Date; status: TurmaStatus; notes: string; turmaId: string; lessonPlanId: string; lessonNumber: number; title: string; ... 5 more ...; techniques: JsonValue; }'.
src/services/activityExecService.ts(204,35): error TS2551: Property 'lessonPlan' does not exist on type '{ id: string; isActive: boolean; createdAt: Date; updatedAt: Date; status: TurmaStatus; notes: string; turmaId: string; lessonPlanId: string; lessonNumber: number; title: string; ... 5 more ...; techniques: JsonValue; }'. Did you mean 'lessonPlanId'?
src/services/activityExecService.ts(235,57): error TS2551: Property 'lessonPlan' does not exist on type '{ id: string; isActive: boolean; createdAt: Date; updatedAt: Date; status: TurmaStatus; notes: string; turmaId: string; lessonPlanId: string; lessonNumber: number; title: string; ... 5 more ...; techniques: JsonValue; }'. Did you mean 'lessonPlanId'?
src/services/activityExecService.ts(244,9): error TS2322: Type '{ lessonPlan: { title: any; activityItems: any; }; id: string; isActive: boolean; createdAt: Date; updatedAt: Date; status: $Enums.TurmaStatus; notes: string | null; ... 9 more ...; techniques: Prisma.JsonValue | null; }' is not assignable to type '{ id: string; isActive: boolean; createdAt: Date; updatedAt: Date; status: TurmaStatus; notes: string; turmaId: string; lessonPlanId: string; lessonNumber: number; ... 6 more ...; techniques: JsonValue; } & { ...; }'.
  Property 'turma' is missing in type '{ lessonPlan: { title: any; activityItems: any; }; id: string; isActive: boolean; createdAt: Date; updatedAt: Date; status: $Enums.TurmaStatus; notes: string | null; ... 9 more ...; techniques: Prisma.JsonValue | null; }' but required in type '{ turma: { name: string; }; lessonPlan?: { title: string; activityItems: { params: JsonValue; id: string; createdAt: Date; updatedAt: Date; activityId: string; lessonPlanId: string; ... 7 more ...; repetitionsPerClass: number; }[]; }; }'.
src/services/activityExecService.ts(247,27): error TS2551: Property 'lessonPlan' does not exist on type '{ id: string; isActive: boolean; createdAt: Date; updatedAt: Date; status: TurmaStatus; notes: string; turmaId: string; lessonPlanId: string; lessonNumber: number; title: string; ... 5 more ...; techniques: JsonValue; }'. Did you mean 'lessonPlanId'?
src/services/activityExecService.ts(248,35): error TS2551: Property 'lessonPlan' does not exist on type '{ id: string; isActive: boolean; createdAt: Date; updatedAt: Date; status: TurmaStatus; notes: string; turmaId: string; lessonPlanId: string; lessonNumber: number; title: string; ... 5 more ...; techniques: JsonValue; }'. Did you mean 'lessonPlanId'?
src/services/activityExecService.ts(425,9): error TS2741: Property 'avgDuration' is missing in type '{ totalActivities: number; completedActivities: number; completionRate: number; avgRating: number; }' but required in type '{ totalActivities: number; completedActivities: number; completionRate: number; avgRating: number; avgDuration: number; }'.
src/services/agentAutomationService.ts(41,11): error TS2353: Object literal may only specify known properties, and 'automationRules' does not exist in type 'AIAgentWhereInput'.
src/services/agentAutomationService.ts(189,58): error TS2339: Property 'length' does not exist on type '({ student: { user: { phone: string; email: string; firstName: string; lastName: string; }; } & { age: number; id: string; isActive: boolean; createdAt: Date; updatedAt: Date; organizationId: string; ... 23 more ...; asaasCustomerId: string; }; subscription: { ...; } & { ...; }; } & { ...; })[] | ({ ...; } & { ...; ...'.
  Property 'length' does not exist on type '{ totalScheduledLessons: number; totalAttendances: number; rate: number; period: string; }'.
src/services/agentAutomationService.ts(195,45): error TS2339: Property 'length' does not exist on type '({ student: { user: { phone: string; email: string; firstName: string; lastName: string; }; } & { age: number; id: string; isActive: boolean; createdAt: Date; updatedAt: Date; organizationId: string; ... 23 more ...; asaasCustomerId: string; }; subscription: { ...; } & { ...; }; } & { ...; })[] | ({ ...; } & { ...; ...'.
  Property 'length' does not exist on type '{ totalScheduledLessons: number; totalAttendances: number; rate: number; period: string; }'.
src/services/agentAutomationService.ts(202,41): error TS2339: Property 'length' does not exist on type '({ student: { user: { phone: string; email: string; firstName: string; lastName: string; }; } & { age: number; id: string; isActive: boolean; createdAt: Date; updatedAt: Date; organizationId: string; ... 23 more ...; asaasCustomerId: string; }; subscription: { ...; } & { ...; }; } & { ...; })[] | ({ ...; } & { ...; ...'.
  Property 'length' does not exist on type '{ totalScheduledLessons: number; totalAttendances: number; rate: number; period: string; }'.
src/services/agentAutomationService.ts(267,32): error TS2353: Object literal may only specify known properties, and 'type' does not exist in type 'AIAgentWhereInput'.
src/services/agentAutomationService.ts(275,32): error TS2353: Object literal may only specify known properties, and 'type' does not exist in type 'AIAgentWhereInput'.
src/services/agentAutomationService.ts(283,32): error TS2353: Object literal may only specify known properties, and 'type' does not exist in type 'AIAgentWhereInput'.
src/services/asaasService.ts(124,7): error TS2322: Type 'unknown' is not assignable to type 'T'.
  'T' could be instantiated with an arbitrary type which could be unrelated to 'unknown'.
src/services/attendanceService.ts(175,40): error TS2551: Property 'lessonId' does not exist on type '{ lesson: { turma: { name: string; }; scheduledDate: Date; duration: number; }; } & { id: string; createdAt: Date; updatedAt: Date; studentId: string; notes: string; turmaLessonId: string; ... 6 more ...; checkedBy: string; }'. Did you mean 'lesson'?
src/services/attendanceService.ts(293,52): error TS2307: Cannot find module '@/services/graduationService' or its corresponding type declarations.
src/services/attendanceService.ts(330,9): error TS2322: Type '{ studentId: string; classId: string; status: "PRESENT" | "LATE"; checkInTime: Date; checkInMethod: "QR_CODE" | "MANUAL" | "FACIAL_RECOGNITION" | "GEOLOCATION" | "NFC"; location: string; notes: string; }' is not assignable to type '(Without<AttendanceCreateInput, AttendanceUncheckedCreateInput> & AttendanceUncheckedCreateInput) | (Without<...> & AttendanceCreateInput)'.
  Type '{ studentId: string; classId: string; status: "PRESENT" | "LATE"; checkInTime: Date; checkInMethod: "QR_CODE" | "MANUAL" | "FACIAL_RECOGNITION" | "GEOLOCATION" | "NFC"; location: string; notes: string; }' is not assignable to type 'Without<AttendanceUncheckedCreateInput, AttendanceCreateInput> & AttendanceCreateInput'.
    Type '{ studentId: string; classId: string; status: "PRESENT" | "LATE"; checkInTime: Date; checkInMethod: "QR_CODE" | "MANUAL" | "FACIAL_RECOGNITION" | "GEOLOCATION" | "NFC"; location: string; notes: string; }' is not assignable to type 'Without<AttendanceUncheckedCreateInput, AttendanceCreateInput>'.
      Types of property 'classId' are incompatible.
        Type 'string' is not assignable to type 'never'.
src/services/attendanceService.ts(1744,23): error TS2339: Property 'topic' does not exist on type '{ turma: { instructor: { id: string; phone: string; email: string; isActive: boolean; createdAt: Date; updatedAt: Date; organizationId: string; password: string; role: UserRole; ... 12 more ...; canApproveCategories: string[]; }; course: { ...; }; } & { ...; }; } & { ...; }'.
src/services/authService.ts(99,7): error TS2322: Type '{ id: string; phone: string; email: string; isActive: boolean; createdAt: Date; updatedAt: Date; organizationId: string; password: string; role: UserRole; firstName: string; ... 11 more ...; canApproveCategories: string[]; }' is not assignable to type '{ instructor: { id: string; isActive: boolean; createdAt: Date; updatedAt: Date; martialArts: string[]; organizationId: string; userId: string; specializations: string[]; certifications: string[]; ... 6 more ...; hireDate: Date; }; student: { ...; }; } & { ...; }'.
  Type '{ id: string; phone: string; email: string; isActive: boolean; createdAt: Date; updatedAt: Date; organizationId: string; password: string; role: UserRole; firstName: string; ... 11 more ...; canApproveCategories: string[]; }' is missing the following properties from type '{ instructor: { id: string; isActive: boolean; createdAt: Date; updatedAt: Date; martialArts: string[]; organizationId: string; userId: string; specializations: string[]; certifications: string[]; ... 6 more ...; hireDate: Date; }; student: { ...; }; }': instructor, student
src/services/authService.ts(100,9): error TS2322: Type '{ id: string; email: string; role: "ADMIN"; organizationId: string; }' is not assignable to type '(Without<UserCreateInput, UserUncheckedCreateInput> & UserUncheckedCreateInput) | (Without<...> & UserCreateInput)'.
  Type '{ id: string; email: string; role: "ADMIN"; organizationId: string; }' is not assignable to type 'Without<UserUncheckedCreateInput, UserCreateInput> & UserCreateInput'.
    Type '{ id: string; email: string; role: "ADMIN"; organizationId: string; }' is not assignable to type 'Without<UserUncheckedCreateInput, UserCreateInput>'.
      Types of property 'organizationId' are incompatible.
        Type 'string' is not assignable to type 'never'.
src/services/challengeService.ts(282,7): error TS2322: Type '{ enrollmentId: string; challengeId: string; attempted: true; completed: boolean; actualMetric: number; actualTime: number; videoUrl: string; imageUrl: string; completedAt: Date; xpEarned: number; }' is not assignable to type '(Without<ChallengeProgressCreateInput, ChallengeProgressUncheckedCreateInput> & ChallengeProgressUncheckedCreateInput) | (Without<...> & ChallengeProgressCreateInput)'.
  Type '{ enrollmentId: string; challengeId: string; attempted: true; completed: boolean; actualMetric: number; actualTime: number; videoUrl: string; imageUrl: string; completedAt: Date; xpEarned: number; }' is not assignable to type 'Without<ChallengeProgressUncheckedCreateInput, ChallengeProgressCreateInput> & ChallengeProgressCreateInput'.
    Type '{ enrollmentId: string; challengeId: string; attempted: true; completed: boolean; actualMetric: number; actualTime: number; videoUrl: string; imageUrl: string; completedAt: Date; xpEarned: number; }' is not assignable to type 'Without<ChallengeProgressUncheckedCreateInput, ChallengeProgressCreateInput>'.
      Types of property 'enrollmentId' are incompatible.
        Type 'string' is not assignable to type 'never'.
src/services/classService.ts(287,7): error TS2322: Type '{ schedule: { connect: { id: string; }; }; instructor: { connect: { id: string; }; }; courseProgram: { connect: { id: string; }; }; lessonPlan: { connect: { id: string; }; }; date: Date; startTime: Date; endTime: Date; notes: string; }' is not assignable to type '(Without<ClassCreateInput, ClassUncheckedCreateInput> & ClassUncheckedCreateInput) | (Without<...> & ClassCreateInput)'.
  Type '{ schedule: { connect: { id: string; }; }; instructor: { connect: { id: string; }; }; courseProgram: { connect: { id: string; }; }; lessonPlan: { connect: { id: string; }; }; date: Date; startTime: Date; endTime: Date; notes: string; }' is not assignable to type 'Without<ClassUncheckedCreateInput, ClassCreateInput> & ClassCreateInput'.
    Type '{ schedule: { connect: { id: string; }; }; instructor: { connect: { id: string; }; }; courseProgram: { connect: { id: string; }; }; lessonPlan: { connect: { id: string; }; }; date: Date; startTime: Date; endTime: Date; notes: string; }' is missing the following properties from type 'ClassCreateInput': course, organization
src/services/classService.ts(301,13): error TS2353: Object literal may only specify known properties, and 'firstName' does not exist in type 'InstructorSelect<DefaultArgs>'.
src/services/classService.ts(390,13): error TS2353: Object literal may only specify known properties, and 'firstName' does not exist in type 'InstructorSelect<DefaultArgs>'.
src/services/csvImportService.ts(218,25): error TS2353: Object literal may only specify known properties, and 'name' does not exist in type '(Without<GoogleAdsCampaignCreateInput, GoogleAdsCampaignUncheckedCreateInput> & GoogleAdsCampaignUncheckedCreateInput) | (Without<...> & GoogleAdsCampaignCreateInput)'.
src/services/csvImportService.ts(322,21): error TS2353: Object literal may only specify known properties, and 'developerToken' does not exist in type '(Without<GoogleAdsConfigCreateInput, GoogleAdsConfigUncheckedCreateInput> & GoogleAdsConfigUncheckedCreateInput) | (Without<...> & GoogleAdsConfigCreateInput)'.
src/services/CurriculumAgentService.ts(34,7): error TS2353: Object literal may only specify known properties, and 'activityCategories' does not exist in type 'CourseInclude<DefaultArgs>'.
src/services/CurriculumAgentService.ts(42,32): error TS2353: Object literal may only specify known properties, and 'organizationId' does not exist in type 'LessonPlanWhereInput'.
src/services/CurriculumAgentService.ts(43,16): error TS2561: Object literal may only specify known properties, but 'activities' does not exist in type 'LessonPlanInclude<DefaultArgs>'. Did you mean to write 'activityItems'?
src/services/CurriculumAgentService.ts(54,32): error TS2339: Property 'lessonPlans' does not exist on type '{ name: string; level: CourseLevel; id: string; description: string; isActive: boolean; createdAt: Date; updatedAt: Date; organizationId: string; category: StudentCategory; ... 14 more ...; sequence: number; }'.
src/services/CurriculumAgentService.ts(55,34): error TS2339: Property 'activityCategories' does not exist on type '{ name: string; level: CourseLevel; id: string; description: string; isActive: boolean; createdAt: Date; updatedAt: Date; organizationId: string; category: StudentCategory; ... 14 more ...; sequence: number; }'.
src/services/CurriculumAgentService.ts(56,33): error TS2339: Property 'students' does not exist on type '{ name: string; level: CourseLevel; id: string; description: string; isActive: boolean; createdAt: Date; updatedAt: Date; organizationId: string; category: StudentCategory; ... 14 more ...; sequence: number; }'.
src/services/CurriculumAgentService.ts(111,40): error TS2551: Property 'activityItems' does not exist on type '{ level: number; version: number; id: string; description: string; isActive: boolean; createdAt: Date; updatedAt: Date; activities: string[]; lessonNumber: number; title: string; duration: number; ... 16 more ...; previousVersionId: string; }'. Did you mean 'activities'?
src/services/financialService.ts(706,9): error TS2367: This comparison appears to be unintentional because the types '"WEEKLY" | "MONTHLY" | "QUARTERLY" | "YEARLY" | "CREDIT_CARD_INSTALLMENT" | "RECURRING" | "CREDITS"' and '"LIFETIME"' have no overlap.
src/services/googleAdsService.ts(494,25): error TS2322: Type 'string | import("H:/projetos/academia/node_modules/google-ads-node/build/protos/protos").google.ads.googleads.v21.enums.AdGroupStatusEnum.AdGroupStatus' is not assignable to type 'string | StringFieldUpdateOperationsInput'.
  Type 'import("H:/projetos/academia/node_modules/google-ads-node/build/protos/protos").google.ads.googleads.v21.enums.AdGroupStatusEnum.AdGroupStatus' is not assignable to type 'string | StringFieldUpdateOperationsInput'.
src/services/googleAdsService.ts(504,25): error TS2322: Type 'string | import("H:/projetos/academia/node_modules/google-ads-node/build/protos/protos").google.ads.googleads.v21.enums.AdGroupStatusEnum.AdGroupStatus' is not assignable to type 'string'.
  Type 'import("H:/projetos/academia/node_modules/google-ads-node/build/protos/protos").google.ads.googleads.v21.enums.AdGroupStatusEnum.AdGroupStatus' is not assignable to type 'string'.
src/services/googleAdsService.ts(573,62): error TS2339: Property 'estimatedValue' does not exist on type '{ convertedStudent: { age: number; id: string; isActive: boolean; createdAt: Date; updatedAt: Date; organizationId: string; emergencyContact: string; medicalConditions: string; ... 21 more ...; asaasCustomerId: string; }; } & { ...; }'.
src/services/googleAdsService.ts(577,28): error TS2339: Property 'clickConversions' does not exist on type 'Customer'.
src/services/googleAdsService.ts(633,44): error TS2353: Object literal may only specify known properties, and 'estimatedValue' does not exist in type 'LeadSelect<DefaultArgs>'.
src/services/googleAdsService.ts(641,54): error TS2339: Property 'estimatedValue' does not exist on type '{ name: string; id: string; phone: string; email: string; createdAt: Date; updatedAt: Date; organizationId: string; birthDate: Date; message: string; status: LeadStatus; ... 43 more ...; customFields: JsonValue; }'.
src/services/progressionService.ts(358,29): error TS2448: Block-scoped variable 'enrollment' used before its declaration.
src/services/ragService.ts(641,71): error TS2345: Argument of type '{ prompt: string; model: string; }' is not assignable to parameter of type 'string'.
